('global_string', '@.str.0', '\n')
('global_int_3', '@x', [1, 2, 3])
('define', '@main')
('1',)
('return_void',)
